// Jest Snapshot v1, https://goo.gl/fbAQLP

exports[`Pruebas en el archivo FirstApp.test.jsx debe coincidir con el snapshot 1`] = `
<div>
  <h1>
    Hola 
    {nombre}
  </h1>
  <h2>
    No hay titulo
  </h2>
  <h3>
    No hay subtitulo
  </h3>
</div>
`;
